<!doctype><html><head></head><body><ul class="indexer"><li><h1>example_folder1</h1><ul><li><a href="test/fixtures/examples/example_folder1/example1.html">example1.html</a></li><li><a href="test/fixtures/examples/example_folder1/example2.html">example2.html</a></li></ul></li><li><h1>example_folder1/example_subfolder1/example_folder2</h1><ul><li><a href="test/fixtures/examples/example_folder1/example_subfolder1/example_folder2/example1.html">example1.html</a></li><li><a href="test/fixtures/examples/example_folder1/example_subfolder1/example_folder2/example2.html">example2.html</a></li></ul></li><li><h1>example_folder1/example_subfolder1</h1><ul><li><a href="test/fixtures/examples/example_folder1/example_subfolder1/subfolder.html">subfolder.html</a></li></ul></li><li><h1>example_folder2</h1><ul><li><a href="test/fixtures/examples/example_folder2/example1.html">example1.html</a></li></ul></li></ul></body></html>